
> homepro-manager@1.0.0 build
> next build

npm : [@sentry/nextjs] DEPRECATION WARNING: autoInstrumentServerFunctions is deprecated and will be removed in a 
future version. Use webpack.autoInstrumentServerFunctions instead.
At line:1 char:77
+ ... NG\.node\node-v20.18.0-win-x64;$env:PATH"; npm run build 2>&1 | Out-F ...
+                                                ~~~~~~~~~~~~~~~~~~
    + CategoryInfo          : NotSpecified: ([@sentry/nextjs...ctions instead.:String) [], RemoteException
    + FullyQualifiedErrorId : NativeCommandError
 
[@sentry/nextjs] DEPRECATION WARNING: disableLogger is deprecated and will be removed in a future version. Use 
webpack.treeshake.removeDebugLogging instead.
  Γû▓ Next.js 14.2.5
  - Environments: .env.local
  - Experiments (use with caution):
    ┬╖ instrumentationHook

   Creating an optimized production build ...
[@sentry/nextjs] It appears you've configured a `sentry.server.config.ts` file. Please ensure to put this file's 
content into the `register()` function of a Next.js instrumentation file instead. To ensure correct functionality of 
the SDK, `Sentry.init` must be called inside of an instrumentation file. Learn more about setting up an 
instrumentation file in Next.js: https://nextjs.org/docs/app/building-your-application/optimizing/instrumentation. You 
can safely delete the `sentry.server.config.ts` file afterward.
[@sentry/nextjs] It appears you've configured a `sentry.edge.config.ts` file. Please ensure to put this file's content 
into the `register()` function of a Next.js instrumentation file instead. To ensure correct functionality of the SDK, 
`Sentry.init` must be called inside of an instrumentation file. Learn more about setting up an instrumentation file in 
Next.js: https://nextjs.org/docs/app/building-your-application/optimizing/instrumentation. You can safely delete the 
`sentry.edge.config.ts` file afterward.
[@sentry/nextjs] DEPRECATION WARNING: It is recommended renaming your `sentry.client.config.ts` file, or moving its 
content to `instrumentation-client.ts`. When using Turbopack `sentry.client.config.ts` will no longer work. Read more 
about the `instrumentation-client.ts` file: 
https://nextjs.org/docs/app/api-reference/file-conventions/instrumentation-client
uncaughtException [Error: EPERM: operation not permitted, open 'D:\Dß╗░ ├üN QUß║óN L├¥ X╞»ß╗₧NG\.next\trace'] {
  errno: -4048,
  code: 'EPERM',
  syscall: 'open',
  path: 'D:\\Dß╗░ ├üN QUß║óN L├¥ X╞»ß╗₧NG\\.next\\trace'
}
